../Core/Src/icm20948.c:34:6:icm20948_init	8	static
../Core/Src/icm20948.c:59:6:ak09916_init	8	static
../Core/Src/icm20948.c:71:6:icm20948_gyro_read	24	static
../Core/Src/icm20948.c:80:6:icm20948_accel_read	24	static
../Core/Src/icm20948.c:90:6:ak09916_mag_read	32	static
../Core/Src/icm20948.c:110:6:icm20948_gyro_read_dps	16	static
../Core/Src/icm20948.c:119:6:icm20948_accel_read_g	16	static
../Core/Src/icm20948.c:128:6:ak09916_mag_read_uT	32	static
../Core/Src/icm20948.c:142:9:icm20948_who_am_i_value	8	static
../Core/Src/icm20948.c:147:6:icm20948_who_am_i	16	static
../Core/Src/icm20948.c:157:6:ak09916_who_am_i	16	static
../Core/Src/icm20948.c:167:6:icm20948_device_reset	8	static
../Core/Src/icm20948.c:173:6:ak09916_soft_reset	8	static
../Core/Src/icm20948.c:179:6:icm20948_wakeup	16	static
../Core/Src/icm20948.c:188:6:icm20948_sleep	16	static
../Core/Src/icm20948.c:197:6:icm20948_spi_slave_enable	16	static
../Core/Src/icm20948.c:205:6:icm20948_i2c_master_reset	16	static
../Core/Src/icm20948.c:213:6:icm20948_i2c_master_enable	16	static
../Core/Src/icm20948.c:222:6:icm20948_i2c_master_clk_frq	24	static
../Core/Src/icm20948.c:230:6:icm20948_clock_source	24	static
../Core/Src/icm20948.c:238:6:icm20948_odr_align_enable	8	static
../Core/Src/icm20948.c:243:6:icm20948_gyro_low_pass_filter	24	static
../Core/Src/icm20948.c:251:6:icm20948_accel_low_pass_filter	24	static
../Core/Src/icm20948.c:259:6:icm20948_gyro_sample_rate_divider	16	static
../Core/Src/icm20948.c:264:6:icm20948_accel_sample_rate_divider	24	static
../Core/Src/icm20948.c:273:6:ak09916_operation_mode_setting	16	static
../Core/Src/icm20948.c:279:6:icm20948_gyro_calibration	48	static
../Core/Src/icm20948.c:311:6:icm20948_accel_calibration	72	static
../Core/Src/icm20948.c:369:6:icm20948_gyro_full_scale_select	24	static
../Core/Src/icm20948.c:396:6:icm20948_accel_full_scale_select	24	static
../Core/Src/icm20948.c:425:13:cs_high	8	static
../Core/Src/icm20948.c:430:13:cs_low	8	static
../Core/Src/icm20948.c:435:13:select_user_bank	24	static
../Core/Src/icm20948.c:446:16:read_single_icm20948_reg	24	static
../Core/Src/icm20948.c:460:13:write_single_icm20948_reg	24	static
../Core/Src/icm20948.c:473:17:read_multiple_icm20948_reg	24	static
../Core/Src/icm20948.c:487:13:write_multiple_icm20948_reg	24	static
../Core/Src/icm20948.c:498:16:read_single_ak09916_reg	16	static
../Core/Src/icm20948.c:508:13:write_single_ak09916_reg	16	static
../Core/Src/icm20948.c:516:17:read_multiple_ak09916_reg	16	static
